#-----------------------------------------------------------
# Vivado v2017.3 (64-bit)
# SW Build 2018833 on Wed Oct  4 19:58:22 MDT 2017
# IP Build 2016188 on Wed Oct  4 21:52:56 MDT 2017
# Start of session at: Mon Sep 25 23:30:12 2023
# Process ID: 3604
# Current directory: C:/Users/Sylvie/Desktop/demo123/display_static_demo1/display_static_demo1
# Command line: vivado.exe -gui_launcher_event rodinguilauncherevent4276 C:\Users\Sylvie\Desktop\demo123\display_static_demo1\display_static_demo1\display_static_1.xpr
# Log file: C:/Users/Sylvie/Desktop/demo123/display_static_demo1/display_static_demo1/vivado.log
# Journal file: C:/Users/Sylvie/Desktop/demo123/display_static_demo1/display_static_demo1\vivado.jou
#-----------------------------------------------------------
Sourcing tcl script 'D:/Xilinx/Vivado/2017.3/scripts/Vivado_init.tcl'
start_gui
open_project C:/Users/Sylvie/Desktop/demo123/display_static_demo1/display_static_demo1/display_static_1.xpr
INFO: [Project 1-313] Project file moved from 'F:/Lab center/电子电路系统/2022年秋季/第二讲 FPGA初步/display_static_demo1' since last save.
Scanning sources...
Finished scanning sources
INFO: [IP_Flow 19-234] Refreshing IP repositories
INFO: [IP_Flow 19-1704] No user IP repositories specified
INFO: [IP_Flow 19-2313] Loaded Vivado IP repository 'D:/Xilinx/Vivado/2017.3/data/ip'.
open_project: Time (s): cpu = 00:00:16 ; elapsed = 00:00:08 . Memory (MB): peak = 906.871 ; gain = 145.641
update_compile_order -fileset sources_1
reset_run synth_1
launch_runs impl_1
[Mon Sep 25 23:32:48 2023] Launched synth_1...
Run output will be captured here: C:/Users/Sylvie/Desktop/demo123/display_static_demo1/display_static_demo1/display_static_1.runs/synth_1/runme.log
[Mon Sep 25 23:32:48 2023] Launched impl_1...
Run output will be captured here: C:/Users/Sylvie/Desktop/demo123/display_static_demo1/display_static_demo1/display_static_1.runs/impl_1/runme.log
reset_run synth_1
launch_runs impl_1
[Mon Sep 25 23:33:21 2023] Launched synth_1...
Run output will be captured here: C:/Users/Sylvie/Desktop/demo123/display_static_demo1/display_static_demo1/display_static_1.runs/synth_1/runme.log
[Mon Sep 25 23:33:21 2023] Launched impl_1...
Run output will be captured here: C:/Users/Sylvie/Desktop/demo123/display_static_demo1/display_static_demo1/display_static_1.runs/impl_1/runme.log
open_run impl_1
INFO: [Netlist 29-17] Analyzing 8 Unisim elements for replacement
INFO: [Netlist 29-28] Unisim Transformation completed in 0 CPU seconds
INFO: [Project 1-479] Netlist was created with Vivado 2017.3
INFO: [Device 21-403] Loading part xc7a50tcsg324-1
INFO: [Project 1-570] Preparing netlist for logic optimization
Parsing XDC File [C:/Users/Sylvie/Desktop/demo123/display_static_demo1/display_static_demo1/.Xil/Vivado-3604-DESKTOP-D12KSI8/dcp1/display_static_top.xdc]
Finished Parsing XDC File [C:/Users/Sylvie/Desktop/demo123/display_static_demo1/display_static_demo1/.Xil/Vivado-3604-DESKTOP-D12KSI8/dcp1/display_static_top.xdc]
Reading XDEF placement.
Reading placer database...
Reading XDEF routing.
Read XDEF File: Time (s): cpu = 00:00:01 ; elapsed = 00:00:00.033 . Memory (MB): peak = 1097.711 ; gain = 1.992
Restored from archive | CPU: 1.000000 secs | Memory: 0.000000 MB |
Finished XDEF File Restore: Time (s): cpu = 00:00:01 ; elapsed = 00:00:00.035 . Memory (MB): peak = 1097.711 ; gain = 1.992
INFO: [Project 1-111] Unisim Transformation Summary:
No Unisim elements were transformed.

open_run: Time (s): cpu = 00:00:18 ; elapsed = 00:00:12 . Memory (MB): peak = 1218.320 ; gain = 296.344
WARNING: [Timing 38-313] There are no user specified timing constraints. Timing constraints are needed for proper timing analysis.
startgroup
set_property package_pin "" [get_ports [list  {display_segment[6]}]]
place_ports {display_segment[7]} B4
endgroup
startgroup
set_property package_pin "" [get_ports [list  {display_segment[5]}]]
place_ports {display_segment[6]} A4
endgroup
startgroup
set_property package_pin "" [get_ports [list  {display_segment[4]}]]
place_ports {display_segment[5]} A3
endgroup
startgroup
set_property package_pin "" [get_ports [list  {display_segment[3]}]]
place_ports {display_segment[4]} B1
endgroup
startgroup
set_property package_pin "" [get_ports [list  {display_segment[2]}]]
place_ports {display_segment[3]} A1
endgroup
startgroup
set_property package_pin "" [get_ports [list  {display_segment[1]}]]
place_ports {display_segment[2]} B3
endgroup
startgroup
set_property package_pin "" [get_ports [list  {display_segment[0]}]]
place_ports {display_segment[1]} B2
endgroup
place_ports {display_segment[0]} D5
set_property IOSTANDARD LVCMOS33 [get_ports [list {display_segment[7]}]]
save_constraints -force
reset_run synth_1
launch_runs impl_1 -to_step write_bitstream
[Mon Sep 25 23:40:19 2023] Launched synth_1...
Run output will be captured here: C:/Users/Sylvie/Desktop/demo123/display_static_demo1/display_static_demo1/display_static_1.runs/synth_1/runme.log
[Mon Sep 25 23:40:19 2023] Launched impl_1...
Run output will be captured here: C:/Users/Sylvie/Desktop/demo123/display_static_demo1/display_static_demo1/display_static_1.runs/impl_1/runme.log
open_hw
connect_hw_server
INFO: [Labtools 27-2285] Connecting to hw_server url TCP:localhost:3121
INFO: [Labtools 27-2222] Launching hw_server...
INFO: [Labtools 27-2221] Launch Output:

****** Xilinx hw_server v2017.3
  **** Build date : Oct  4 2017-20:12:17
    ** Copyright 1986-2017 Xilinx, Inc. All Rights Reserved.


open_hw_target
INFO: [Labtoolstcl 44-466] Opening hw_target localhost:3121/xilinx_tcf/Xilinx/1234-tulA
set_property PROGRAM.FILE {C:/Users/Sylvie/Desktop/demo123/display_static_demo1/display_static_demo1/display_static_1.runs/impl_1/display_static_top.bit} [get_hw_devices xc7a50t_0]
current_hw_device [get_hw_devices xc7a50t_0]
refresh_hw_device -update_hw_probes false [lindex [get_hw_devices xc7a50t_0] 0]
INFO: [Labtools 27-1434] Device xc7a50t (JTAG device index = 0) is programmed with a design that has no supported debug core(s) in it.
WARNING: [Labtools 27-3361] The debug hub core was not detected.
Resolution: 
1. Make sure the clock connected to the debug hub (dbg_hub) core is a free running clock and is active.
2. Make sure the BSCAN_SWITCH_USER_MASK device property in Vivado Hardware Manager reflects the user scan chain setting in the design and refresh the device.  To determine the user scan chain setting in the design, open the implemented design and use 'get_property C_USER_SCAN_CHAIN [get_debug_cores dbg_hub]'.
For more details on setting the scan chain property, consult the Vivado Debug and Programming User Guide (UG908).
set_property PROBES.FILE {} [get_hw_devices xc7a50t_0]
set_property FULL_PROBES.FILE {} [get_hw_devices xc7a50t_0]
set_property PROGRAM.FILE {C:/Users/Sylvie/Desktop/demo123/display_static_demo1/display_static_demo1/display_static_1.runs/impl_1/display_static_top.bit} [get_hw_devices xc7a50t_0]
program_hw_devices [get_hw_devices xc7a50t_0]
INFO: [Labtools 27-3164] End of startup status: HIGH
refresh_hw_device [lindex [get_hw_devices xc7a50t_0] 0]
INFO: [Labtools 27-1434] Device xc7a50t (JTAG device index = 0) is programmed with a design that has no supported debug core(s) in it.
WARNING: [Labtools 27-3361] The debug hub core was not detected.
Resolution: 
1. Make sure the clock connected to the debug hub (dbg_hub) core is a free running clock and is active.
2. Make sure the BSCAN_SWITCH_USER_MASK device property in Vivado Hardware Manager reflects the user scan chain setting in the design and refresh the device.  To determine the user scan chain setting in the design, open the implemented design and use 'get_property C_USER_SCAN_CHAIN [get_debug_cores dbg_hub]'.
For more details on setting the scan chain property, consult the Vivado Debug and Programming User Guide (UG908).
exit
INFO: [Common 17-206] Exiting Vivado at Mon Sep 25 23:43:12 2023...
