#-----------------------------------------------------------
# Vivado v2017.3 (64-bit)
# SW Build 2018833 on Wed Oct  4 19:58:22 MDT 2017
# IP Build 2016188 on Wed Oct  4 21:52:56 MDT 2017
# Start of session at: Sun Oct 27 02:15:32 2024
# Process ID: 13400
# Current directory: F:/Lab center/上课/电子电路系统/2024年秋季/课件/第五周 FPGA2/display_static_demo1/display_static_demo1
# Command line: vivado.exe -gui_launcher_event rodinguilauncherevent4904 F:\Lab center\上课\电子电路系统\2024年秋季\课件\第五周 FPGA2\display_static_demo1\display_static_demo1\display_static_1.xpr
# Log file: F:/Lab center/上课/电子电路系统/2024年秋季/课件/第五周 FPGA2/display_static_demo1/display_static_demo1/vivado.log
# Journal file: F:/Lab center/上课/电子电路系统/2024年秋季/课件/第五周 FPGA2/display_static_demo1/display_static_demo1\vivado.jou
#-----------------------------------------------------------
Sourcing tcl script 'D:/Xilinx/Vivado/2017.3/scripts/Vivado_init.tcl'
start_gui
open_project {F:/Lab center/上课/电子电路系统/2024年秋季/课件/第五周 FPGA2/display_static_demo1/display_static_demo1/display_static_1.xpr}
INFO: [ProjectBase 1-489] The host OS only allows 260 characters in a normal path. The project is stored in a path with more than 80 characters. If you experience issues with IP, Block Designs, or files not being found, please consider moving the project to a location with a shorter path. Alternately consider using the OS subst command to map part of the path to a drive letter.
Current project path is 'F:/Lab center/上课/电子电路系统/2024年秋季/课件/第五周 FPGA2/display_static_demo1/display_static_demo1'
INFO: [Project 1-313] Project file moved from 'C:/Users/Sylvie/Desktop/demo123/display_static_demo1/display_static_demo1' since last save.
Scanning sources...
Finished scanning sources
INFO: [IP_Flow 19-234] Refreshing IP repositories
INFO: [IP_Flow 19-1704] No user IP repositories specified
INFO: [IP_Flow 19-2313] Loaded Vivado IP repository 'D:/Xilinx/Vivado/2017.3/data/ip'.
open_project: Time (s): cpu = 00:00:14 ; elapsed = 00:00:13 . Memory (MB): peak = 826.613 ; gain = 98.285
update_compile_order -fileset sources_1
reset_run synth_1
launch_runs impl_1
[Sun Oct 27 02:22:11 2024] Launched synth_1...
Run output will be captured here: F:/Lab center/上课/电子电路系统/2024年秋季/课件/第五周 FPGA2/display_static_demo1/display_static_demo1/display_static_1.runs/synth_1/runme.log
[Sun Oct 27 02:22:12 2024] Launched impl_1...
Run output will be captured here: F:/Lab center/上课/电子电路系统/2024年秋季/课件/第五周 FPGA2/display_static_demo1/display_static_demo1/display_static_1.runs/impl_1/runme.log
exit
INFO: [Common 17-206] Exiting Vivado at Sun Oct 27 02:23:49 2024...
