#-----------------------------------------------------------
# Vivado v2017.3 (64-bit)
# SW Build 2018833 on Wed Oct  4 19:58:22 MDT 2017
# IP Build 2016188 on Wed Oct  4 21:52:56 MDT 2017
# Start of session at: Sat Apr 20 20:55:09 2024
# Process ID: 6464
# Current directory: F:/Lab center/电工学/2024/课件/第9-10讲 FPGA初步/demo123/display_static_demo1/display_static_demo1
# Command line: vivado.exe -gui_launcher_event rodinguilauncherevent6580 F:\Lab center\电工学\2024\课件\第9-10讲 FPGA初步\demo123\display_static_demo1\display_static_demo1\display_static_1.xpr
# Log file: F:/Lab center/电工学/2024/课件/第9-10讲 FPGA初步/demo123/display_static_demo1/display_static_demo1/vivado.log
# Journal file: F:/Lab center/电工学/2024/课件/第9-10讲 FPGA初步/demo123/display_static_demo1/display_static_demo1\vivado.jou
#-----------------------------------------------------------
Sourcing tcl script 'D:/Xilinx/Vivado/2017.3/scripts/Vivado_init.tcl'
start_gui
open_project {F:/Lab center/电工学/2024/课件/第9-10讲 FPGA初步/demo123/display_static_demo1/display_static_demo1/display_static_1.xpr}
INFO: [ProjectBase 1-489] The host OS only allows 260 characters in a normal path. The project is stored in a path with more than 80 characters. If you experience issues with IP, Block Designs, or files not being found, please consider moving the project to a location with a shorter path. Alternately consider using the OS subst command to map part of the path to a drive letter.
Current project path is 'F:/Lab center/电工学/2024/课件/第9-10讲 FPGA初步/demo123/display_static_demo1/display_static_demo1'
INFO: [Project 1-313] Project file moved from 'C:/Users/Sylvie/Desktop/demo123/display_static_demo1/display_static_demo1' since last save.
Scanning sources...
Finished scanning sources
INFO: [IP_Flow 19-234] Refreshing IP repositories
INFO: [IP_Flow 19-1704] No user IP repositories specified
INFO: [IP_Flow 19-2313] Loaded Vivado IP repository 'D:/Xilinx/Vivado/2017.3/data/ip'.
open_project: Time (s): cpu = 00:00:15 ; elapsed = 00:00:08 . Memory (MB): peak = 887.742 ; gain = 129.312
update_compile_order -fileset sources_1
open_hw
connect_hw_server
INFO: [Labtools 27-2285] Connecting to hw_server url TCP:localhost:3121
open_hw_target
INFO: [Labtoolstcl 44-466] Opening hw_target localhost:3121/xilinx_tcf/Xilinx/1234-tulA
set_property PROGRAM.FILE {F:/Lab center/电工学/2024/课件/第9-10讲 FPGA初步/demo123/display_static_demo1/display_static_demo1/display_static_1.runs/impl_1/display_static_top.bit} [get_hw_devices xc7a50t_0]
current_hw_device [get_hw_devices xc7a50t_0]
refresh_hw_device -update_hw_probes false [lindex [get_hw_devices xc7a50t_0] 0]
INFO: [Labtools 27-1434] Device xc7a50t (JTAG device index = 0) is programmed with a design that has no supported debug core(s) in it.
WARNING: [Labtools 27-3361] The debug hub core was not detected.
Resolution: 
1. Make sure the clock connected to the debug hub (dbg_hub) core is a free running clock and is active.
2. Make sure the BSCAN_SWITCH_USER_MASK device property in Vivado Hardware Manager reflects the user scan chain setting in the design and refresh the device.  To determine the user scan chain setting in the design, open the implemented design and use 'get_property C_USER_SCAN_CHAIN [get_debug_cores dbg_hub]'.
For more details on setting the scan chain property, consult the Vivado Debug and Programming User Guide (UG908).
exit
INFO: [Common 17-206] Exiting Vivado at Sat Apr 20 20:57:01 2024...
