#-----------------------------------------------------------
# Vivado v2017.3 (64-bit)
# SW Build 2018833 on Wed Oct  4 19:58:22 MDT 2017
# IP Build 2016188 on Wed Oct  4 21:52:56 MDT 2017
# Start of session at: Mon Oct  9 13:28:00 2023
# Process ID: 2248
# Current directory: F:/Lab center/电子技术实验/2023年秋/课件/第3讲/demo123/display_static_demo1/display_static_demo1
# Command line: vivado.exe -gui_launcher_event rodinguilauncherevent1864 F:\Lab center\电子技术实验\2023年秋\课件\第3讲\demo123\display_static_demo1\display_static_demo1\display_static_1.xpr
# Log file: F:/Lab center/电子技术实验/2023年秋/课件/第3讲/demo123/display_static_demo1/display_static_demo1/vivado.log
# Journal file: F:/Lab center/电子技术实验/2023年秋/课件/第3讲/demo123/display_static_demo1/display_static_demo1\vivado.jou
#-----------------------------------------------------------
start_gui
open_project {F:/Lab center/电子技术实验/2023年秋/课件/第3讲/demo123/display_static_demo1/display_static_demo1/display_static_1.xpr}
update_compile_order -fileset sources_1
reset_run synth_1
launch_runs impl_1
wait_on_run impl_1
reset_run synth_1
launch_runs impl_1
wait_on_run impl_1
