#-----------------------------------------------------------
# Vivado v2017.3 (64-bit)
# SW Build 2018833 on Wed Oct  4 19:58:22 MDT 2017
# IP Build 2016188 on Wed Oct  4 21:52:56 MDT 2017
# Start of session at: Mon Oct  9 13:28:00 2023
# Process ID: 2248
# Current directory: F:/Lab center/电子技术实验/2023年秋/课件/第3讲/demo123/display_static_demo1/display_static_demo1
# Command line: vivado.exe -gui_launcher_event rodinguilauncherevent1864 F:\Lab center\电子技术实验\2023年秋\课件\第3讲\demo123\display_static_demo1\display_static_demo1\display_static_1.xpr
# Log file: F:/Lab center/电子技术实验/2023年秋/课件/第3讲/demo123/display_static_demo1/display_static_demo1/vivado.log
# Journal file: F:/Lab center/电子技术实验/2023年秋/课件/第3讲/demo123/display_static_demo1/display_static_demo1\vivado.jou
#-----------------------------------------------------------
Sourcing tcl script 'D:/Xilinx/Vivado/2017.3/scripts/Vivado_init.tcl'
start_gui
open_project {F:/Lab center/电子技术实验/2023年秋/课件/第3讲/demo123/display_static_demo1/display_static_demo1/display_static_1.xpr}
INFO: [ProjectBase 1-489] The host OS only allows 260 characters in a normal path. The project is stored in a path with more than 80 characters. If you experience issues with IP, Block Designs, or files not being found, please consider moving the project to a location with a shorter path. Alternately consider using the OS subst command to map part of the path to a drive letter.
Current project path is 'F:/Lab center/电子技术实验/2023年秋/课件/第3讲/demo123/display_static_demo1/display_static_demo1'
INFO: [Project 1-313] Project file moved from 'C:/Users/Sylvie/Desktop/demo123/display_static_demo1/display_static_demo1' since last save.
Scanning sources...
Finished scanning sources
INFO: [IP_Flow 19-234] Refreshing IP repositories
INFO: [IP_Flow 19-1704] No user IP repositories specified
INFO: [IP_Flow 19-2313] Loaded Vivado IP repository 'D:/Xilinx/Vivado/2017.3/data/ip'.
open_project: Time (s): cpu = 00:00:13 ; elapsed = 00:00:14 . Memory (MB): peak = 809.137 ; gain = 79.219
update_compile_order -fileset sources_1
reset_run synth_1
launch_runs impl_1
[Mon Oct  9 13:30:06 2023] Launched synth_1...
Run output will be captured here: F:/Lab center/电子技术实验/2023年秋/课件/第3讲/demo123/display_static_demo1/display_static_demo1/display_static_1.runs/synth_1/runme.log
[Mon Oct  9 13:30:06 2023] Launched impl_1...
Run output will be captured here: F:/Lab center/电子技术实验/2023年秋/课件/第3讲/demo123/display_static_demo1/display_static_demo1/display_static_1.runs/impl_1/runme.log
reset_run synth_1
launch_runs impl_1
[Mon Oct  9 13:31:32 2023] Launched synth_1...
Run output will be captured here: F:/Lab center/电子技术实验/2023年秋/课件/第3讲/demo123/display_static_demo1/display_static_demo1/display_static_1.runs/synth_1/runme.log
[Mon Oct  9 13:31:32 2023] Launched impl_1...
Run output will be captured here: F:/Lab center/电子技术实验/2023年秋/课件/第3讲/demo123/display_static_demo1/display_static_demo1/display_static_1.runs/impl_1/runme.log
exit
INFO: [Common 17-206] Exiting Vivado at Mon Oct  9 13:33:08 2023...
