
*** Running vivado
    with args -log display_static_top.vds -m64 -product Vivado -mode batch -messageDb vivado.pb -notrace -source display_static_top.tcl


****** Vivado v2017.3 (64-bit)
  **** SW Build 2018833 on Wed Oct  4 19:58:22 MDT 2017
  **** IP Build 2016188 on Wed Oct  4 21:52:56 MDT 2017
    ** Copyright 1986-2017 Xilinx, Inc. All Rights Reserved.

source display_static_top.tcl -notrace
Command: synth_design -top display_static_top -part xc7a50tcsg324-1
Starting synth_design
Attempting to get a license for feature 'Synthesis' and/or device 'xc7a50t'
INFO: [Common 17-349] Got license for feature 'Synthesis' and/or device 'xc7a50t'
INFO: Launching helper process for spawning children vivado processes
INFO: Helper process launched with PID 11628 
WARNING: [Synth 8-2292] literal value truncated to fit in 7 bits [D:/电子电路实验/display_static_demo1/display_static_demo1/display_static_1.srcs/sources_1/new/display_static_top.v:34]
WARNING: [Synth 8-2292] literal value truncated to fit in 7 bits [D:/电子电路实验/display_static_demo1/display_static_demo1/display_static_1.srcs/sources_1/new/display_static_top.v:36]
WARNING: [Synth 8-2292] literal value truncated to fit in 7 bits [D:/电子电路实验/display_static_demo1/display_static_demo1/display_static_1.srcs/sources_1/new/display_static_top.v:37]
WARNING: [Synth 8-2292] literal value truncated to fit in 7 bits [D:/电子电路实验/display_static_demo1/display_static_demo1/display_static_1.srcs/sources_1/new/display_static_top.v:39]
WARNING: [Synth 8-2292] literal value truncated to fit in 7 bits [D:/电子电路实验/display_static_demo1/display_static_demo1/display_static_1.srcs/sources_1/new/display_static_top.v:40]
WARNING: [Synth 8-2292] literal value truncated to fit in 7 bits [D:/电子电路实验/display_static_demo1/display_static_demo1/display_static_1.srcs/sources_1/new/display_static_top.v:41]
WARNING: [Synth 8-2292] literal value truncated to fit in 7 bits [D:/电子电路实验/display_static_demo1/display_static_demo1/display_static_1.srcs/sources_1/new/display_static_top.v:42]
WARNING: [Synth 8-2292] literal value truncated to fit in 7 bits [D:/电子电路实验/display_static_demo1/display_static_demo1/display_static_1.srcs/sources_1/new/display_static_top.v:43]
WARNING: [Synth 8-2292] literal value truncated to fit in 7 bits [D:/电子电路实验/display_static_demo1/display_static_demo1/display_static_1.srcs/sources_1/new/display_static_top.v:44]
WARNING: [Synth 8-2292] literal value truncated to fit in 7 bits [D:/电子电路实验/display_static_demo1/display_static_demo1/display_static_1.srcs/sources_1/new/display_static_top.v:46]
WARNING: [Synth 8-2292] literal value truncated to fit in 7 bits [D:/电子电路实验/display_static_demo1/display_static_demo1/display_static_1.srcs/sources_1/new/display_static_top.v:48]
WARNING: [Synth 8-2292] literal value truncated to fit in 7 bits [D:/电子电路实验/display_static_demo1/display_static_demo1/display_static_1.srcs/sources_1/new/display_static_top.v:49]
WARNING: [Synth 8-2292] literal value truncated to fit in 7 bits [D:/电子电路实验/display_static_demo1/display_static_demo1/display_static_1.srcs/sources_1/new/display_static_top.v:50]
---------------------------------------------------------------------------------
Starting RTL Elaboration : Time (s): cpu = 00:00:01 ; elapsed = 00:00:03 . Memory (MB): peak = 389.176 ; gain = 105.398
---------------------------------------------------------------------------------
INFO: [Synth 8-638] synthesizing module 'display_static_top' [D:/电子电路实验/display_static_demo1/display_static_demo1/display_static_1.srcs/sources_1/new/display_static_top.v:24]
INFO: [Synth 8-226] default block is never used [D:/电子电路实验/display_static_demo1/display_static_demo1/display_static_1.srcs/sources_1/new/display_static_top.v:33]
INFO: [Synth 8-256] done synthesizing module 'display_static_top' (1#1) [D:/电子电路实验/display_static_demo1/display_static_demo1/display_static_1.srcs/sources_1/new/display_static_top.v:24]
WARNING: [Synth 8-3917] design display_static_top has port display_segment[7] driven by constant 0
TclStackFree: incorrect freePtr. Call out of sequence?
