
*** Running vivado
    with args -log display_dynamic_top.vds -m64 -product Vivado -mode batch -messageDb vivado.pb -notrace -source display_dynamic_top.tcl


****** Vivado v2017.3 (64-bit)
  **** SW Build 2018833 on Wed Oct  4 19:58:22 MDT 2017
  **** IP Build 2016188 on Wed Oct  4 21:52:56 MDT 2017
    ** Copyright 1986-2017 Xilinx, Inc. All Rights Reserved.

Sourcing tcl script 'D:/Xilinx/Vivado/2017.3/scripts/Vivado_init.tcl'
source display_dynamic_top.tcl -notrace
Command: synth_design -top display_dynamic_top -part xc7a50tcsg324-1
Starting synth_design
Attempting to get a license for feature 'Synthesis' and/or device 'xc7a50t'
INFO: [Common 17-349] Got license for feature 'Synthesis' and/or device 'xc7a50t'
INFO: Launching helper process for spawning children vivado processes
INFO: Helper process launched with PID 9420 
---------------------------------------------------------------------------------
Starting RTL Elaboration : Time (s): cpu = 00:00:07 ; elapsed = 00:00:07 . Memory (MB): peak = 379.117 ; gain = 95.906
---------------------------------------------------------------------------------
INFO: [Synth 8-638] synthesizing module 'display_dynamic_top' [C:/Users/Sylvie/Desktop/demo123/display_dynamic_demo2/display_dynamic_demo2/display_dynamic_2.srcs/sources_1/new/display_dynamic_top.v:25]
INFO: [Synth 8-638] synthesizing module 'clk_div' [C:/Users/Sylvie/Desktop/demo123/display_dynamic_demo2/display_dynamic_demo2/display_dynamic_2.srcs/sources_1/new/clk_div.v:23]
INFO: [Synth 8-256] done synthesizing module 'clk_div' (1#1) [C:/Users/Sylvie/Desktop/demo123/display_dynamic_demo2/display_dynamic_demo2/display_dynamic_2.srcs/sources_1/new/clk_div.v:23]
INFO: [Synth 8-638] synthesizing module 'display_ctrl' [C:/Users/Sylvie/Desktop/demo123/display_dynamic_demo2/display_dynamic_demo2/display_dynamic_2.srcs/sources_1/new/display_ctrl.v:23]
INFO: [Synth 8-226] default block is never used [C:/Users/Sylvie/Desktop/demo123/display_dynamic_demo2/display_dynamic_demo2/display_dynamic_2.srcs/sources_1/new/display_ctrl.v:32]
INFO: [Synth 8-256] done synthesizing module 'display_ctrl' (2#1) [C:/Users/Sylvie/Desktop/demo123/display_dynamic_demo2/display_dynamic_demo2/display_dynamic_2.srcs/sources_1/new/display_ctrl.v:23]
INFO: [Synth 8-256] done synthesizing module 'display_dynamic_top' (3#1) [C:/Users/Sylvie/Desktop/demo123/display_dynamic_demo2/display_dynamic_demo2/display_dynamic_2.srcs/sources_1/new/display_dynamic_top.v:25]
---------------------------------------------------------------------------------
Finished RTL Elaboration : Time (s): cpu = 00:00:08 ; elapsed = 00:00:08 . Memory (MB): peak = 420.195 ; gain = 136.984
---------------------------------------------------------------------------------

Report Check Netlist: 
+------+------------------+-------+---------+-------+------------------+
|      |Item              |Errors |Warnings |Status |Description       |
+------+------------------+-------+---------+-------+------------------+
|1     |multi_driven_nets |      0|        0|Passed |Multi driven nets |
+------+------------------+-------+---------+-------+------------------+
---------------------------------------------------------------------------------
Finished RTL Optimization Phase 1 : Time (s): cpu = 00:00:08 ; elapsed = 00:00:08 . Memory (MB): peak = 420.195 ; gain = 136.984
---------------------------------------------------------------------------------
INFO: [Device 21-403] Loading part xc7a50tcsg324-1
INFO: [Project 1-570] Preparing netlist for logic optimization

Processing XDC Constraints
Initializing timing engine
Parsing XDC File [C:/Users/Sylvie/Desktop/demo123/display_dynamic_demo2/display_dynamic_demo2/display_dynamic_2.srcs/constrs_1/new/display_dynamic_2.xdc]
Finished Parsing XDC File [C:/Users/Sylvie/Desktop/demo123/display_dynamic_demo2/display_dynamic_demo2/display_dynamic_2.srcs/constrs_1/new/display_dynamic_2.xdc]
INFO: [Project 1-236] Implementation specific constraints were found while reading constraint file [C:/Users/Sylvie/Desktop/demo123/display_dynamic_demo2/display_dynamic_demo2/display_dynamic_2.srcs/constrs_1/new/display_dynamic_2.xdc]. These constraints will be ignored for synthesis but will be used in implementation. Impacted constraints are listed in the file [.Xil/display_dynamic_top_propImpl.xdc].
Resolution: To avoid this warning, move constraints listed in [.Xil/display_dynamic_top_propImpl.xdc] to another XDC file and exclude this new file from synthesis with the used_in_synthesis property (File Properties dialog in GUI) and re-run elaboration/synthesis.
Completed Processing XDC Constraints

INFO: [Project 1-111] Unisim Transformation Summary:
No Unisim elements were transformed.

Constraint Validation Runtime : Time (s): cpu = 00:00:00 ; elapsed = 00:00:00.002 . Memory (MB): peak = 705.457 ; gain = 0.000
---------------------------------------------------------------------------------
Finished Constraint Validation : Time (s): cpu = 00:00:20 ; elapsed = 00:00:21 . Memory (MB): peak = 705.457 ; gain = 422.246
---------------------------------------------------------------------------------
---------------------------------------------------------------------------------
Start Loading Part and Timing Information
---------------------------------------------------------------------------------
Loading part: xc7a50tcsg324-1
---------------------------------------------------------------------------------
Finished Loading Part and Timing Information : Time (s): cpu = 00:00:20 ; elapsed = 00:00:21 . Memory (MB): peak = 705.457 ; gain = 422.246
---------------------------------------------------------------------------------
---------------------------------------------------------------------------------
Start Applying 'set_property' XDC Constraints
---------------------------------------------------------------------------------
---------------------------------------------------------------------------------
Finished applying 'set_property' XDC Constraints : Time (s): cpu = 00:00:20 ; elapsed = 00:00:21 . Memory (MB): peak = 705.457 ; gain = 422.246
---------------------------------------------------------------------------------
WARNING: [Synth 8-6014] Unused sequential element clk_cnt_reg was removed.  [C:/Users/Sylvie/Desktop/demo123/display_dynamic_demo2/display_dynamic_demo2/display_dynamic_2.srcs/sources_1/new/clk_div.v:31]
---------------------------------------------------------------------------------
Finished RTL Optimization Phase 2 : Time (s): cpu = 00:00:20 ; elapsed = 00:00:21 . Memory (MB): peak = 705.457 ; gain = 422.246
---------------------------------------------------------------------------------

Report RTL Partitions: 
+-+--------------+------------+----------+
| |RTL Partition |Replication |Instances |
+-+--------------+------------+----------+
+-+--------------+------------+----------+
---------------------------------------------------------------------------------
Start RTL Component Statistics 
---------------------------------------------------------------------------------
Detailed RTL Component Info : 
---------------------------------------------------------------------------------
Finished RTL Component Statistics 
---------------------------------------------------------------------------------
---------------------------------------------------------------------------------
Start RTL Hierarchical Component Statistics 
---------------------------------------------------------------------------------
Hierarchical RTL Component report 
---------------------------------------------------------------------------------
Finished RTL Hierarchical Component Statistics
---------------------------------------------------------------------------------
---------------------------------------------------------------------------------
Start Part Resource Summary
---------------------------------------------------------------------------------
Part Resources:
DSPs: 120 (col length:60)
BRAMs: 150 (col length: RAMB18 60 RAMB36 30)
---------------------------------------------------------------------------------
Finished Part Resource Summary
---------------------------------------------------------------------------------
---------------------------------------------------------------------------------
Start Cross Boundary and Area Optimization
---------------------------------------------------------------------------------
WARNING: [Synth 8-6014] Unused sequential element my_clk_div/clk_cnt_reg was removed.  [C:/Users/Sylvie/Desktop/demo123/display_dynamic_demo2/display_dynamic_demo2/display_dynamic_2.srcs/sources_1/new/clk_div.v:31]
WARNING: [Synth 8-3332] Sequential element (my_clk_div/clk_cnt_reg[30]) is unused and will be removed from module display_dynamic_top.
WARNING: [Synth 8-3332] Sequential element (my_clk_div/clk_cnt_reg[31]) is unused and will be removed from module display_dynamic_top.
---------------------------------------------------------------------------------
Finished Cross Boundary and Area Optimization : Time (s): cpu = 00:00:20 ; elapsed = 00:00:21 . Memory (MB): peak = 705.457 ; gain = 422.246
---------------------------------------------------------------------------------

Report RTL Partitions: 
+-+--------------+------------+----------+
| |RTL Partition |Replication |Instances |
+-+--------------+------------+----------+
+-+--------------+------------+----------+
---------------------------------------------------------------------------------
Start Applying XDC Timing Constraints
---------------------------------------------------------------------------------
---------------------------------------------------------------------------------
Finished Applying XDC Timing Constraints : Time (s): cpu = 00:00:29 ; elapsed = 00:00:31 . Memory (MB): peak = 705.457 ; gain = 422.246
---------------------------------------------------------------------------------
---------------------------------------------------------------------------------
Start Timing Optimization
---------------------------------------------------------------------------------
---------------------------------------------------------------------------------
Finished Timing Optimization : Time (s): cpu = 00:00:29 ; elapsed = 00:00:31 . Memory (MB): peak = 705.457 ; gain = 422.246
---------------------------------------------------------------------------------

Report RTL Partitions: 
+-+--------------+------------+----------+
| |RTL Partition |Replication |Instances |
+-+--------------+------------+----------+
+-+--------------+------------+----------+
---------------------------------------------------------------------------------
Start Technology Mapping
---------------------------------------------------------------------------------
---------------------------------------------------------------------------------
Finished Technology Mapping : Time (s): cpu = 00:00:29 ; elapsed = 00:00:31 . Memory (MB): peak = 709.035 ; gain = 425.824
---------------------------------------------------------------------------------

Report RTL Partitions: 
+-+--------------+------------+----------+
| |RTL Partition |Replication |Instances |
+-+--------------+------------+----------+
+-+--------------+------------+----------+
---------------------------------------------------------------------------------
Start IO Insertion
---------------------------------------------------------------------------------
---------------------------------------------------------------------------------
Start Flattening Before IO Insertion
---------------------------------------------------------------------------------
---------------------------------------------------------------------------------
Finished Flattening Before IO Insertion
---------------------------------------------------------------------------------
---------------------------------------------------------------------------------
Start Final Netlist Cleanup
---------------------------------------------------------------------------------
---------------------------------------------------------------------------------
Finished Final Netlist Cleanup
---------------------------------------------------------------------------------
---------------------------------------------------------------------------------
Finished IO Insertion : Time (s): cpu = 00:00:30 ; elapsed = 00:00:32 . Memory (MB): peak = 709.035 ; gain = 425.824
---------------------------------------------------------------------------------

Report Check Netlist: 
+------+------------------+-------+---------+-------+------------------+
|      |Item              |Errors |Warnings |Status |Description       |
+------+------------------+-------+---------+-------+------------------+
|1     |multi_driven_nets |      0|        0|Passed |Multi driven nets |
+------+------------------+-------+---------+-------+------------------+
---------------------------------------------------------------------------------
Start Renaming Generated Instances
---------------------------------------------------------------------------------
---------------------------------------------------------------------------------
Finished Renaming Generated Instances : Time (s): cpu = 00:00:30 ; elapsed = 00:00:32 . Memory (MB): peak = 709.035 ; gain = 425.824
---------------------------------------------------------------------------------

Report RTL Partitions: 
+-+--------------+------------+----------+
| |RTL Partition |Replication |Instances |
+-+--------------+------------+----------+
+-+--------------+------------+----------+
---------------------------------------------------------------------------------
Start Rebuilding User Hierarchy
---------------------------------------------------------------------------------
---------------------------------------------------------------------------------
Finished Rebuilding User Hierarchy : Time (s): cpu = 00:00:30 ; elapsed = 00:00:32 . Memory (MB): peak = 709.035 ; gain = 425.824
---------------------------------------------------------------------------------
---------------------------------------------------------------------------------
Start Renaming Generated Ports
---------------------------------------------------------------------------------
---------------------------------------------------------------------------------
Finished Renaming Generated Ports : Time (s): cpu = 00:00:30 ; elapsed = 00:00:32 . Memory (MB): peak = 709.035 ; gain = 425.824
---------------------------------------------------------------------------------
---------------------------------------------------------------------------------
Start Handling Custom Attributes
---------------------------------------------------------------------------------
---------------------------------------------------------------------------------
Finished Handling Custom Attributes : Time (s): cpu = 00:00:30 ; elapsed = 00:00:32 . Memory (MB): peak = 709.035 ; gain = 425.824
---------------------------------------------------------------------------------
---------------------------------------------------------------------------------
Start Renaming Generated Nets
---------------------------------------------------------------------------------
---------------------------------------------------------------------------------
Finished Renaming Generated Nets : Time (s): cpu = 00:00:30 ; elapsed = 00:00:32 . Memory (MB): peak = 709.035 ; gain = 425.824
---------------------------------------------------------------------------------
---------------------------------------------------------------------------------
Start Writing Synthesis Report
---------------------------------------------------------------------------------

Report BlackBoxes: 
+-+--------------+----------+
| |BlackBox name |Instances |
+-+--------------+----------+
+-+--------------+----------+

Report Cell Usage: 
+------+-------+------+
|      |Cell   |Count |
+------+-------+------+
|1     |BUFG   |     1|
|2     |CARRY4 |     8|
|3     |LUT1   |     1|
|4     |LUT4   |     7|
|5     |FDRE   |    30|
|6     |IBUF   |     6|
|7     |OBUF   |    11|
+------+-------+------+

Report Instance Areas: 
+------+------------------+-------------+------+
|      |Instance          |Module       |Cells |
+------+------------------+-------------+------+
|1     |top               |             |    64|
|2     |  my_clk_div      |clk_div      |    39|
|3     |  my_display_ctrl |display_ctrl |     7|
+------+------------------+-------------+------+
---------------------------------------------------------------------------------
Finished Writing Synthesis Report : Time (s): cpu = 00:00:30 ; elapsed = 00:00:32 . Memory (MB): peak = 709.035 ; gain = 425.824
---------------------------------------------------------------------------------
Synthesis finished with 0 errors, 0 critical warnings and 4 warnings.
Synthesis Optimization Runtime : Time (s): cpu = 00:00:17 ; elapsed = 00:00:27 . Memory (MB): peak = 709.035 ; gain = 140.562
Synthesis Optimization Complete : Time (s): cpu = 00:00:30 ; elapsed = 00:00:32 . Memory (MB): peak = 709.035 ; gain = 425.824
INFO: [Project 1-571] Translating synthesized netlist
INFO: [Netlist 29-17] Analyzing 14 Unisim elements for replacement
INFO: [Netlist 29-28] Unisim Transformation completed in 0 CPU seconds
INFO: [Project 1-570] Preparing netlist for logic optimization
INFO: [Opt 31-138] Pushed 0 inverter(s) to 0 load pin(s).
INFO: [Project 1-111] Unisim Transformation Summary:
No Unisim elements were transformed.

INFO: [Common 17-83] Releasing license: Synthesis
19 Infos, 4 Warnings, 0 Critical Warnings and 0 Errors encountered.
synth_design completed successfully
synth_design: Time (s): cpu = 00:00:31 ; elapsed = 00:00:33 . Memory (MB): peak = 712.824 ; gain = 442.133
INFO: [Common 17-600] The following parameters have non-default value.
general.maxThreads
INFO: [Common 17-1381] The checkpoint 'C:/Users/Sylvie/Desktop/demo123/display_dynamic_demo2/display_dynamic_demo2/display_dynamic_2.runs/synth_1/display_dynamic_top.dcp' has been generated.
INFO: [runtcl-4] Executing : report_utilization -file display_dynamic_top_utilization_synth.rpt -pb display_dynamic_top_utilization_synth.pb
report_utilization: Time (s): cpu = 00:00:00 ; elapsed = 00:00:00.025 . Memory (MB): peak = 712.824 ; gain = 0.000
INFO: [Common 17-206] Exiting Vivado at Mon Oct  9 13:38:34 2023...
