#-----------------------------------------------------------
# Vivado v2017.3 (64-bit)
# SW Build 2018833 on Wed Oct  4 19:58:22 MDT 2017
# IP Build 2016188 on Wed Oct  4 21:52:56 MDT 2017
# Start of session at: Tue Sep 26 01:17:22 2023
# Process ID: 12792
# Current directory: F:/Lab center/电子技术实验/2023年秋/课件/第3讲/例子补充/demo123/display_dynamic_demo3/display_dynamic_demo3
# Command line: vivado.exe -gui_launcher_event rodinguilauncherevent4348 F:\Lab center\电子技术实验\2023年秋\课件\第3讲\例子补充\demo123\display_dynamic_demo3\display_dynamic_demo3\display_dynamic_3.xpr
# Log file: F:/Lab center/电子技术实验/2023年秋/课件/第3讲/例子补充/demo123/display_dynamic_demo3/display_dynamic_demo3/vivado.log
# Journal file: F:/Lab center/电子技术实验/2023年秋/课件/第3讲/例子补充/demo123/display_dynamic_demo3/display_dynamic_demo3\vivado.jou
#-----------------------------------------------------------
Sourcing tcl script 'D:/Xilinx/Vivado/2017.3/scripts/Vivado_init.tcl'
start_gui
open_project {F:/Lab center/电子技术实验/2023年秋/课件/第3讲/例子补充/demo123/display_dynamic_demo3/display_dynamic_demo3/display_dynamic_3.xpr}
INFO: [ProjectBase 1-489] The host OS only allows 260 characters in a normal path. The project is stored in a path with more than 80 characters. If you experience issues with IP, Block Designs, or files not being found, please consider moving the project to a location with a shorter path. Alternately consider using the OS subst command to map part of the path to a drive letter.
Current project path is 'F:/Lab center/电子技术实验/2023年秋/课件/第3讲/例子补充/demo123/display_dynamic_demo3/display_dynamic_demo3'
INFO: [Project 1-313] Project file moved from 'C:/Users/Sylvie/Desktop/demo123/display_dynamic_demo3/display_dynamic_demo3' since last save.
Scanning sources...
Finished scanning sources
INFO: [IP_Flow 19-234] Refreshing IP repositories
INFO: [IP_Flow 19-1704] No user IP repositories specified
INFO: [IP_Flow 19-2313] Loaded Vivado IP repository 'D:/Xilinx/Vivado/2017.3/data/ip'.
open_project: Time (s): cpu = 00:00:14 ; elapsed = 00:00:06 . Memory (MB): peak = 920.641 ; gain = 161.004
update_compile_order -fileset sources_1
open_run synth_1 -name synth_1
Design is defaulting to impl run constrset: constrs_1
Design is defaulting to synth run part: xc7a50tcsg324-1
INFO: [Netlist 29-17] Analyzing 12 Unisim elements for replacement
INFO: [Netlist 29-28] Unisim Transformation completed in 0 CPU seconds
INFO: [Project 1-479] Netlist was created with Vivado 2017.3
INFO: [Device 21-403] Loading part xc7a50tcsg324-1
INFO: [Project 1-570] Preparing netlist for logic optimization
Parsing XDC File [F:/Lab center/电子技术实验/2023年秋/课件/第3讲/例子补充/demo123/display_dynamic_demo3/display_dynamic_demo3/display_dynamic_3.srcs/constrs_1/new/display_dynamic_3.xdc]
WARNING: [Vivado 12-584] No ports matched 'switch_bit[3]'. [F:/Lab center/电子技术实验/2023年秋/课件/第3讲/例子补充/demo123/display_dynamic_demo3/display_dynamic_demo3/display_dynamic_3.srcs/constrs_1/new/display_dynamic_3.xdc:12]
CRITICAL WARNING: [Common 17-55] 'set_property' expects at least one object. [F:/Lab center/电子技术实验/2023年秋/课件/第3讲/例子补充/demo123/display_dynamic_demo3/display_dynamic_demo3/display_dynamic_3.srcs/constrs_1/new/display_dynamic_3.xdc:12]
Resolution: If [get_<value>] was used to populate the object, check to make sure this command returns at least one valid object.
WARNING: [Vivado 12-584] No ports matched 'switch_bit[2]'. [F:/Lab center/电子技术实验/2023年秋/课件/第3讲/例子补充/demo123/display_dynamic_demo3/display_dynamic_demo3/display_dynamic_3.srcs/constrs_1/new/display_dynamic_3.xdc:13]
CRITICAL WARNING: [Common 17-55] 'set_property' expects at least one object. [F:/Lab center/电子技术实验/2023年秋/课件/第3讲/例子补充/demo123/display_dynamic_demo3/display_dynamic_demo3/display_dynamic_3.srcs/constrs_1/new/display_dynamic_3.xdc:13]
Resolution: If [get_<value>] was used to populate the object, check to make sure this command returns at least one valid object.
WARNING: [Vivado 12-584] No ports matched 'switch_bit[1]'. [F:/Lab center/电子技术实验/2023年秋/课件/第3讲/例子补充/demo123/display_dynamic_demo3/display_dynamic_demo3/display_dynamic_3.srcs/constrs_1/new/display_dynamic_3.xdc:14]
CRITICAL WARNING: [Common 17-55] 'set_property' expects at least one object. [F:/Lab center/电子技术实验/2023年秋/课件/第3讲/例子补充/demo123/display_dynamic_demo3/display_dynamic_demo3/display_dynamic_3.srcs/constrs_1/new/display_dynamic_3.xdc:14]
Resolution: If [get_<value>] was used to populate the object, check to make sure this command returns at least one valid object.
WARNING: [Vivado 12-584] No ports matched 'switch_bit[0]'. [F:/Lab center/电子技术实验/2023年秋/课件/第3讲/例子补充/demo123/display_dynamic_demo3/display_dynamic_demo3/display_dynamic_3.srcs/constrs_1/new/display_dynamic_3.xdc:15]
CRITICAL WARNING: [Common 17-55] 'set_property' expects at least one object. [F:/Lab center/电子技术实验/2023年秋/课件/第3讲/例子补充/demo123/display_dynamic_demo3/display_dynamic_demo3/display_dynamic_3.srcs/constrs_1/new/display_dynamic_3.xdc:15]
Resolution: If [get_<value>] was used to populate the object, check to make sure this command returns at least one valid object.
WARNING: [Vivado 12-584] No ports matched 'switch_bit[3]'. [F:/Lab center/电子技术实验/2023年秋/课件/第3讲/例子补充/demo123/display_dynamic_demo3/display_dynamic_demo3/display_dynamic_3.srcs/constrs_1/new/display_dynamic_3.xdc:27]
CRITICAL WARNING: [Common 17-55] 'set_property' expects at least one object. [F:/Lab center/电子技术实验/2023年秋/课件/第3讲/例子补充/demo123/display_dynamic_demo3/display_dynamic_demo3/display_dynamic_3.srcs/constrs_1/new/display_dynamic_3.xdc:27]
Resolution: If [get_<value>] was used to populate the object, check to make sure this command returns at least one valid object.
WARNING: [Vivado 12-584] No ports matched 'switch_bit[2]'. [F:/Lab center/电子技术实验/2023年秋/课件/第3讲/例子补充/demo123/display_dynamic_demo3/display_dynamic_demo3/display_dynamic_3.srcs/constrs_1/new/display_dynamic_3.xdc:28]
CRITICAL WARNING: [Common 17-55] 'set_property' expects at least one object. [F:/Lab center/电子技术实验/2023年秋/课件/第3讲/例子补充/demo123/display_dynamic_demo3/display_dynamic_demo3/display_dynamic_3.srcs/constrs_1/new/display_dynamic_3.xdc:28]
Resolution: If [get_<value>] was used to populate the object, check to make sure this command returns at least one valid object.
WARNING: [Vivado 12-584] No ports matched 'switch_bit[1]'. [F:/Lab center/电子技术实验/2023年秋/课件/第3讲/例子补充/demo123/display_dynamic_demo3/display_dynamic_demo3/display_dynamic_3.srcs/constrs_1/new/display_dynamic_3.xdc:29]
CRITICAL WARNING: [Common 17-55] 'set_property' expects at least one object. [F:/Lab center/电子技术实验/2023年秋/课件/第3讲/例子补充/demo123/display_dynamic_demo3/display_dynamic_demo3/display_dynamic_3.srcs/constrs_1/new/display_dynamic_3.xdc:29]
Resolution: If [get_<value>] was used to populate the object, check to make sure this command returns at least one valid object.
WARNING: [Vivado 12-584] No ports matched 'switch_bit[0]'. [F:/Lab center/电子技术实验/2023年秋/课件/第3讲/例子补充/demo123/display_dynamic_demo3/display_dynamic_demo3/display_dynamic_3.srcs/constrs_1/new/display_dynamic_3.xdc:30]
CRITICAL WARNING: [Common 17-55] 'set_property' expects at least one object. [F:/Lab center/电子技术实验/2023年秋/课件/第3讲/例子补充/demo123/display_dynamic_demo3/display_dynamic_demo3/display_dynamic_3.srcs/constrs_1/new/display_dynamic_3.xdc:30]
Resolution: If [get_<value>] was used to populate the object, check to make sure this command returns at least one valid object.
Finished Parsing XDC File [F:/Lab center/电子技术实验/2023年秋/课件/第3讲/例子补充/demo123/display_dynamic_demo3/display_dynamic_demo3/display_dynamic_3.srcs/constrs_1/new/display_dynamic_3.xdc]
INFO: [Opt 31-138] Pushed 0 inverter(s) to 0 load pin(s).
INFO: [Project 1-111] Unisim Transformation Summary:
No Unisim elements were transformed.

open_run: Time (s): cpu = 00:00:18 ; elapsed = 00:00:10 . Memory (MB): peak = 1178.152 ; gain = 249.781
create_bd_design "display_dynamic_3"
Wrote  : <F:/Lab center/电子技术实验/2023年秋/课件/第3讲/例子补充/demo123/display_dynamic_demo3/display_dynamic_demo3/display_dynamic_3.srcs/sources_1/bd/display_dynamic_3/display_dynamic_3.bd> 
create_bd_design: Time (s): cpu = 00:00:07 ; elapsed = 00:00:09 . Memory (MB): peak = 1638.480 ; gain = 26.012
update_compile_order -fileset sources_1
exit
INFO: [Common 17-206] Exiting Vivado at Tue Sep 26 01:24:43 2023...
