#-----------------------------------------------------------
# Vivado v2017.3 (64-bit)
# SW Build 2018833 on Wed Oct  4 19:58:22 MDT 2017
# IP Build 2016188 on Wed Oct  4 21:52:56 MDT 2017
# Start of session at: Mon Oct  9 13:40:28 2023
# Process ID: 13536
# Current directory: C:/Users/Sylvie/Desktop/demo123/display_dynamic_demo3/display_dynamic_demo3
# Command line: vivado.exe -gui_launcher_event rodinguilauncherevent15416 C:\Users\Sylvie\Desktop\demo123\display_dynamic_demo3\display_dynamic_demo3\display_dynamic_3.xpr
# Log file: C:/Users/Sylvie/Desktop/demo123/display_dynamic_demo3/display_dynamic_demo3/vivado.log
# Journal file: C:/Users/Sylvie/Desktop/demo123/display_dynamic_demo3/display_dynamic_demo3\vivado.jou
#-----------------------------------------------------------
Sourcing tcl script 'D:/Xilinx/Vivado/2017.3/scripts/Vivado_init.tcl'
start_gui
open_project C:/Users/Sylvie/Desktop/demo123/display_dynamic_demo3/display_dynamic_demo3/display_dynamic_3.xpr
INFO: [Project 1-313] Project file moved from 'F:/Lab center/电子技术实验/2023年秋/课件/第3讲/例子补充/demo123/display_dynamic_demo3/display_dynamic_demo3' since last save.
Scanning sources...
Finished scanning sources
INFO: [IP_Flow 19-234] Refreshing IP repositories
INFO: [IP_Flow 19-1704] No user IP repositories specified
INFO: [IP_Flow 19-2313] Loaded Vivado IP repository 'D:/Xilinx/Vivado/2017.3/data/ip'.
open_project: Time (s): cpu = 00:00:14 ; elapsed = 00:00:07 . Memory (MB): peak = 923.809 ; gain = 157.621
update_compile_order -fileset sources_1
reset_run synth_1
launch_runs impl_1
[Mon Oct  9 13:42:16 2023] Launched synth_1...
Run output will be captured here: C:/Users/Sylvie/Desktop/demo123/display_dynamic_demo3/display_dynamic_demo3/display_dynamic_3.runs/synth_1/runme.log
[Mon Oct  9 13:42:16 2023] Launched impl_1...
Run output will be captured here: C:/Users/Sylvie/Desktop/demo123/display_dynamic_demo3/display_dynamic_demo3/display_dynamic_3.runs/impl_1/runme.log
launch_runs impl_1 -to_step write_bitstream
[Mon Oct  9 13:45:11 2023] Launched impl_1...
Run output will be captured here: C:/Users/Sylvie/Desktop/demo123/display_dynamic_demo3/display_dynamic_demo3/display_dynamic_3.runs/impl_1/runme.log
reset_run impl_1
launch_runs impl_1
[Mon Oct  9 13:51:02 2023] Launched impl_1...
Run output will be captured here: C:/Users/Sylvie/Desktop/demo123/display_dynamic_demo3/display_dynamic_demo3/display_dynamic_3.runs/impl_1/runme.log
reset_run synth_1
launch_runs impl_1 -to_step write_bitstream
[Mon Oct  9 13:57:14 2023] Launched synth_1...
Run output will be captured here: C:/Users/Sylvie/Desktop/demo123/display_dynamic_demo3/display_dynamic_demo3/display_dynamic_3.runs/synth_1/runme.log
[Mon Oct  9 13:57:14 2023] Launched impl_1...
Run output will be captured here: C:/Users/Sylvie/Desktop/demo123/display_dynamic_demo3/display_dynamic_demo3/display_dynamic_3.runs/impl_1/runme.log
export_ip_user_files -of_objects  [get_files C:/Users/Sylvie/Desktop/demo123/display_dynamic_demo3/display_dynamic_demo3/display_dynamic_3.srcs/sources_1/bd/display_dynamic_3/display_dynamic_3.bd] -no_script -reset -force -quiet
remove_files  C:/Users/Sylvie/Desktop/demo123/display_dynamic_demo3/display_dynamic_demo3/display_dynamic_3.srcs/sources_1/bd/display_dynamic_3/display_dynamic_3.bd
reset_run impl_1
launch_runs impl_1
[Mon Oct  9 14:02:42 2023] Launched impl_1...
Run output will be captured here: C:/Users/Sylvie/Desktop/demo123/display_dynamic_demo3/display_dynamic_demo3/display_dynamic_3.runs/impl_1/runme.log
launch_runs impl_1 -to_step write_bitstream
[Mon Oct  9 14:04:31 2023] Launched impl_1...
Run output will be captured here: C:/Users/Sylvie/Desktop/demo123/display_dynamic_demo3/display_dynamic_demo3/display_dynamic_3.runs/impl_1/runme.log
exit
INFO: [Common 17-206] Exiting Vivado at Mon Oct  9 14:06:26 2023...
