#-----------------------------------------------------------
# Vivado v2017.3 (64-bit)
# SW Build 2018833 on Wed Oct  4 19:58:22 MDT 2017
# IP Build 2016188 on Wed Oct  4 21:52:56 MDT 2017
# Start of session at: Thu Oct 20 14:54:05 2022
# Process ID: 9452
# Current directory: F:/Lab center/电子电路系统/2022年秋季/第二讲 FPGA初步/display_dynamic_2
# Command line: vivado.exe -gui_launcher_event rodinguilauncherevent15752 F:\Lab center\电子电路系统\2022年秋季\第二讲 FPGA初步\display_dynamic_2\display_dynamic_2.xpr
# Log file: F:/Lab center/电子电路系统/2022年秋季/第二讲 FPGA初步/display_dynamic_2/vivado.log
# Journal file: F:/Lab center/电子电路系统/2022年秋季/第二讲 FPGA初步/display_dynamic_2\vivado.jou
#-----------------------------------------------------------
Sourcing tcl script 'D:/Xilinx/Vivado/2017.3/scripts/Vivado_init.tcl'
start_gui
open_project {F:/Lab center/电子电路系统/2022年秋季/第二讲 FPGA初步/display_dynamic_2/display_dynamic_2.xpr}
INFO: [Project 1-313] Project file moved from 'F:/Lab center/VivadoProject/shumaguan2022/display_dynamic_2' since last save.
Scanning sources...
Finished scanning sources
INFO: [IP_Flow 19-234] Refreshing IP repositories
INFO: [IP_Flow 19-1704] No user IP repositories specified
INFO: [IP_Flow 19-2313] Loaded Vivado IP repository 'D:/Xilinx/Vivado/2017.3/data/ip'.
open_project: Time (s): cpu = 00:00:15 ; elapsed = 00:00:07 . Memory (MB): peak = 863.199 ; gain = 59.910
update_compile_order -fileset sources_1
exit
INFO: [Common 17-206] Exiting Vivado at Thu Oct 20 14:57:07 2022...
