#-----------------------------------------------------------
# Vivado v2017.3 (64-bit)
# SW Build 2018833 on Wed Oct  4 19:58:22 MDT 2017
# IP Build 2016188 on Wed Oct  4 21:52:56 MDT 2017
# Start of session at: Tue Sep 26 01:20:37 2023
# Process ID: 8512
# Current directory: F:/Lab center/电子技术实验/2023年秋/课件/第3讲/例子补充/demo123/display_dynamic_demo2/display_dynamic_demo2
# Command line: vivado.exe -gui_launcher_event rodinguilauncherevent2196 F:\Lab center\电子技术实验\2023年秋\课件\第3讲\例子补充\demo123\display_dynamic_demo2\display_dynamic_demo2\display_dynamic_2.xpr
# Log file: F:/Lab center/电子技术实验/2023年秋/课件/第3讲/例子补充/demo123/display_dynamic_demo2/display_dynamic_demo2/vivado.log
# Journal file: F:/Lab center/电子技术实验/2023年秋/课件/第3讲/例子补充/demo123/display_dynamic_demo2/display_dynamic_demo2\vivado.jou
#-----------------------------------------------------------
Sourcing tcl script 'D:/Xilinx/Vivado/2017.3/scripts/Vivado_init.tcl'
start_gui
open_project {F:/Lab center/电子技术实验/2023年秋/课件/第3讲/例子补充/demo123/display_dynamic_demo2/display_dynamic_demo2/display_dynamic_2.xpr}
INFO: [ProjectBase 1-489] The host OS only allows 260 characters in a normal path. The project is stored in a path with more than 80 characters. If you experience issues with IP, Block Designs, or files not being found, please consider moving the project to a location with a shorter path. Alternately consider using the OS subst command to map part of the path to a drive letter.
Current project path is 'F:/Lab center/电子技术实验/2023年秋/课件/第3讲/例子补充/demo123/display_dynamic_demo2/display_dynamic_demo2'
INFO: [Project 1-313] Project file moved from 'C:/Users/Sylvie/Desktop/demo123/display_dynamic_demo2/display_dynamic_demo2' since last save.
Scanning sources...
Finished scanning sources
INFO: [IP_Flow 19-234] Refreshing IP repositories
INFO: [IP_Flow 19-1704] No user IP repositories specified
INFO: [IP_Flow 19-2313] Loaded Vivado IP repository 'D:/Xilinx/Vivado/2017.3/data/ip'.
open_project: Time (s): cpu = 00:00:14 ; elapsed = 00:00:06 . Memory (MB): peak = 932.031 ; gain = 170.090
update_compile_order -fileset sources_1
synth_design -rtl -name rtl_1
Command: synth_design -rtl -name rtl_1
Starting synth_design
Using part: xc7a50tcsg324-1
Top: display_dynamic_top
---------------------------------------------------------------------------------
Starting RTL Elaboration : Time (s): cpu = 00:00:08 ; elapsed = 00:00:07 . Memory (MB): peak = 936.258 ; gain = 0.000
---------------------------------------------------------------------------------
INFO: [Synth 8-638] synthesizing module 'display_dynamic_top' [F:/Lab center/电子技术实验/2023年秋/课件/第3讲/例子补充/demo123/display_dynamic_demo2/display_dynamic_demo2/display_dynamic_2.srcs/sources_1/new/display_dynamic_top.v:25]
INFO: [Synth 8-638] synthesizing module 'clk_div' [F:/Lab center/电子技术实验/2023年秋/课件/第3讲/例子补充/demo123/display_dynamic_demo2/display_dynamic_demo2/display_dynamic_2.srcs/sources_1/new/clk_div.v:23]
INFO: [Synth 8-256] done synthesizing module 'clk_div' (1#1) [F:/Lab center/电子技术实验/2023年秋/课件/第3讲/例子补充/demo123/display_dynamic_demo2/display_dynamic_demo2/display_dynamic_2.srcs/sources_1/new/clk_div.v:23]
INFO: [Synth 8-638] synthesizing module 'display_ctrl' [F:/Lab center/电子技术实验/2023年秋/课件/第3讲/例子补充/demo123/display_dynamic_demo2/display_dynamic_demo2/display_dynamic_2.srcs/sources_1/new/display_ctrl.v:23]
INFO: [Synth 8-226] default block is never used [F:/Lab center/电子技术实验/2023年秋/课件/第3讲/例子补充/demo123/display_dynamic_demo2/display_dynamic_demo2/display_dynamic_2.srcs/sources_1/new/display_ctrl.v:32]
INFO: [Synth 8-256] done synthesizing module 'display_ctrl' (2#1) [F:/Lab center/电子技术实验/2023年秋/课件/第3讲/例子补充/demo123/display_dynamic_demo2/display_dynamic_demo2/display_dynamic_2.srcs/sources_1/new/display_ctrl.v:23]
INFO: [Synth 8-256] done synthesizing module 'display_dynamic_top' (3#1) [F:/Lab center/电子技术实验/2023年秋/课件/第3讲/例子补充/demo123/display_dynamic_demo2/display_dynamic_demo2/display_dynamic_2.srcs/sources_1/new/display_dynamic_top.v:25]
